[18/Sep/2026 19:39:08] "GET /api/health/ HTTP/1.1" 200 194
[18/Sep/2026 19:39:08] "GET /api/health/ HTTP/1.1" 200 194
[18/Sep/2026 19:39:08] "GET /api/health/ HTTP/1.1" 200 194
[18/Sep/2026 19:39:08,947] - Broken pipe from ('127.0.0.1', 62997)
[18/Sep/2026 19:39:17] "GET /api/health/ HTTP/1.1" 200 194
[18/Sep/2026 19:39:40] "POST /api/auth/login/ HTTP/1.1" 200 997
[18/Sep/2026 19:39:40] "GET /api/auth/me/ HTTP/1.1" 200 500
[18/Sep/2026 19:39:40] "GET /api/auth/me/ HTTP/1.1" 200 500
[18/Sep/2026 19:39:41] "GET /api/health/ HTTP/1.1" 200 194
[18/Sep/2026 19:39:41] "GET /api/agents/commands/suggestions/ HTTP/1.1" 200 358
[18/Sep/2026 19:39:41] "GET /api/agents/decisions/summary/ HTTP/1.1" 200 272
[18/Sep/2026 19:39:41] "GET /api/agents/org-chart/ HTTP/1.1" 200 22814
[18/Sep/2026 19:40:03] "POST /api/auth/login/ HTTP/1.1" 200 997
[18/Sep/2026 19:40:03] "GET /api/health/ HTTP/1.1" 200 194
[18/Sep/2026 19:40:03] "GET /api/agents/commands/suggestions/ HTTP/1.1" 200 358
[18/Sep/2026 19:40:03] "GET /api/agents/decisions/summary/ HTTP/1.1" 200 272
[18/Sep/2026 19:40:03] "GET /api/agents/activity/?page_size=14 HTTP/1.1" 200 3924
[18/Sep/2026 19:40:03] "GET /api/agents/decisions/?status=pending&page_size=10 HTTP/1.1" 200 6812
[18/Sep/2026 19:40:03] "GET /api/analytics/dashboard/?days=30 HTTP/1.1" 200 5013
[18/Sep/2026 19:40:08] "GET /api/agents/org-chart/ HTTP/1.1" 200 22814
[18/Sep/2026 19:40:28] "POST /api/auth/login/ HTTP/1.1" 200 997
[18/Sep/2026 19:40:29] "GET /api/auth/me/ HTTP/1.1" 200 500
[18/Sep/2026 19:40:29] "GET /api/auth/me/ HTTP/1.1" 200 500
[18/Sep/2026 19:40:29] "GET /api/health/ HTTP/1.1" 200 194
[18/Sep/2026 19:40:29] "GET /api/agents/commands/suggestions/ HTTP/1.1" 200 358
[18/Sep/2026 19:40:29] "GET /api/agents/decisions/summary/ HTTP/1.1" 200 272
[18/Sep/2026 19:40:29] "GET /api/agents/org-chart/ HTTP/1.1" 200 22814
[18/Sep/2026 19:41:12] "POST /api/auth/login/ HTTP/1.1" 200 997
[18/Sep/2026 19:41:13] "GET /api/auth/me/ HTTP/1.1" 200 500
[18/Sep/2026 19:41:13] "GET /api/auth/me/ HTTP/1.1" 200 500
[18/Sep/2026 19:41:14] "GET /api/health/ HTTP/1.1" 200 194
[18/Sep/2026 19:41:14] "GET /api/agents/commands/suggestions/ HTTP/1.1" 200 358
[18/Sep/2026 19:41:14] "GET /api/agents/org-chart/ HTTP/1.1" 200 22814
[18/Sep/2026 19:41:14] "GET /api/agents/decisions/summary/ HTTP/1.1" 200 272
[18/Sep/2026 19:41:56] "POST /api/auth/login/ HTTP/1.1" 200 997
[18/Sep/2026 19:41:56] "GET /api/auth/me/ HTTP/1.1" 200 500
[18/Sep/2026 19:41:56] "GET /api/auth/me/ HTTP/1.1" 200 500
[18/Sep/2026 19:41:56] "GET /api/health/ HTTP/1.1" 200 194
[18/Sep/2026 19:41:56] "GET /api/agents/commands/suggestions/ HTTP/1.1" 200 358
[18/Sep/2026 19:41:56] "GET /api/agents/decisions/summary/ HTTP/1.1" 200 272
[18/Sep/2026 19:41:56] "GET /api/agents/org-chart/ HTTP/1.1" 200 22814
[18/Sep/2026 19:42:02] "POST /api/auth/login/ HTTP/1.1" 200 997
[18/Sep/2026 19:42:03] "GET /api/auth/me/ HTTP/1.1" 200 500
[18/Sep/2026 19:42:03] "GET /api/auth/me/ HTTP/1.1" 200 500
[18/Sep/2026 19:42:03] "GET /api/health/ HTTP/1.1" 200 194
[18/Sep/2026 19:42:03] "GET /api/agents/commands/suggestions/ HTTP/1.1" 200 358
[18/Sep/2026 19:42:03] "GET /api/agents/decisions/summary/ HTTP/1.1" 200 272
[18/Sep/2026 19:42:03] "GET /api/agents/org-chart/ HTTP/1.1" 200 22814
